// Jest Snapshot v1, https://goo.gl/fbAQLP

exports[`App renders correctly 1`] = `
<main
  className="css-boyygm"
>
  <div>
    Sun Jul 10 2016 19:00
  </div>
  <input
    className="css-28xugj"
    onChange={[Function]}
    placeholder="Enter search term"
    type="search"
    value=""
  />
  <div />
</main>
`;
