// Jest Snapshot v1, https://goo.gl/fbAQLP

exports[`Timestamp renders correctly 1`] = `
<div>
  Invalid Date Invalid Date
</div>
`;
