// Jest Snapshot v1, https://goo.gl/fbAQLP

exports[`Article renders correctly 1`] = `
ShallowWrapper {
  "complexSelector": ComplexSelector {
    "buildPredicate": [Function],
    "childrenOfNode": [Function],
    "findWhereUnwrapped": [Function],
  },
  "length": 1,
  "node": <glamorous(div)>
    <glamorous(div)>
        testTitle
    </glamorous(div)>
    <glamorous(div)>
        Sun Jul 10 2016
    </glamorous(div)>
    <glamorous(div)>
        <a
            href="testWebsite"
            target="_blank"
        >
            testFirstName
             
            testLastName
        </a>
    </glamorous(div)>
    <glamorous(div)>
        testBody
    </glamorous(div)>
</glamorous(div)>,
  "nodes": Array [
    <glamorous(div)>
      <glamorous(div)>
            testTitle
      </glamorous(div)>
      <glamorous(div)>
            Sun Jul 10 2016
      </glamorous(div)>
      <glamorous(div)>
            <a
                  href="testWebsite"
                  target="_blank"
            >
                  testFirstName
                   
                  testLastName
            </a>
      </glamorous(div)>
      <glamorous(div)>
            testBody
      </glamorous(div)>
</glamorous(div)>,
  ],
  "options": Object {
    "context": Object {
      "store": Object {
        "lookUpAuthor": [Function],
      },
    },
  },
  "renderer": ReactShallowRenderer {
    "_instance": ShallowComponentWrapper {
      "_calledComponentWillUnmount": false,
      "_compositeType": 2,
      "_context": Object {
        "store": Object {
          "lookUpAuthor": [Function],
        },
      },
      "_currentElement": <Article
        article={
                Object {
                        "body": "testBody",
                        "date": "Mon Jul 11 2016 00:00:00 GMT+0000 (UTC)",
                        "title": "testTitle",
                      }
        }
/>,
      "_debugID": 1,
      "_hostContainerInfo": null,
      "_hostParent": null,
      "_instance": StatelessComponent {
        "_reactInternalInstance": [Circular],
        "context": Object {
          "store": Object {
            "lookUpAuthor": [Function],
          },
        },
        "props": Object {
          "article": Object {
            "body": "testBody",
            "date": "Mon Jul 11 2016 00:00:00 GMT+0000 (UTC)",
            "title": "testTitle",
          },
        },
        "refs": Object {},
        "state": null,
        "updater": Object {
          "enqueueCallback": [Function],
          "enqueueCallbackInternal": [Function],
          "enqueueElementInternal": [Function],
          "enqueueForceUpdate": [Function],
          "enqueueReplaceState": [Function],
          "enqueueSetState": [Function],
          "isMounted": [Function],
          "validateCallback": [Function],
        },
      },
      "_mountOrder": 1,
      "_pendingCallbacks": null,
      "_pendingElement": null,
      "_pendingForceUpdate": false,
      "_pendingReplaceState": false,
      "_pendingStateQueue": null,
      "_renderedComponent": NoopInternalComponent {
        "_currentElement": <glamorous(div)>
          <glamorous(div)>
                    testTitle
          </glamorous(div)>
          <glamorous(div)>
                    Sun Jul 10 2016
          </glamorous(div)>
          <glamorous(div)>
                    <a
                              href="testWebsite"
                              target="_blank"
                    >
                              testFirstName
                               
                              testLastName
                    </a>
          </glamorous(div)>
          <glamorous(div)>
                    testBody
          </glamorous(div)>
</glamorous(div)>,
        "_debugID": 2,
        "_renderedOutput": <glamorous(div)>
          <glamorous(div)>
                    testTitle
          </glamorous(div)>
          <glamorous(div)>
                    Sun Jul 10 2016
          </glamorous(div)>
          <glamorous(div)>
                    <a
                              href="testWebsite"
                              target="_blank"
                    >
                              testFirstName
                               
                              testLastName
                    </a>
          </glamorous(div)>
          <glamorous(div)>
                    testBody
          </glamorous(div)>
</glamorous(div)>,
      },
      "_renderedNodeType": 1,
      "_rootNodeID": 0,
      "_topLevelWrapper": null,
      "_updateBatchNumber": null,
      "_warnedAboutRefsInRender": false,
    },
    "getRenderOutput": [Function],
    "render": [Function],
  },
  "root": [Circular],
  "unrendered": <Article
    article={
        Object {
            "body": "testBody",
            "date": "Mon Jul 11 2016 00:00:00 GMT+0000 (UTC)",
            "title": "testTitle",
          }
    }
/>,
}
`;
